
> mobile-automation@1.0.0 test:staging
> cross-env ENV=staging wdio run ./wdio.conf.ts tests/Smoke/Onboarding.ts

2026-03-21T19:58:35.788Z INFO @wdio/cli:launcher: Run onPrepare hook

Execution of 1 workers started at 2026-03-21T19:58:35.807Z

2026-03-21T19:58:35.813Z INFO @wdio/cli:launcher: Run onWorkerStart hook
2026-03-21T19:58:35.813Z INFO @wdio/xvfb: XvfbManager.init() called
2026-03-21T19:58:35.813Z INFO @wdio/xvfb: Xvfb not needed on current platform
2026-03-21T19:58:35.815Z INFO @wdio/local-runner: Start worker 0-0 with arg: run ./wdio.conf.ts tests/Smoke/Onboarding.ts
2026-03-21T19:58:35.860Z INFO @wdio/xvfb:ProcessFactory: xvfb-run not found, falling back to regular fork
2026-03-21T19:58:35.860Z INFO @wdio/xvfb:ProcessFactory: ProcessFactory: shouldRun=false, isAvailable=false
2026-03-21T19:58:35.861Z INFO @wdio/xvfb:ProcessFactory: Creating worker process with regular fork
[0-0] 2026-03-21T19:58:37.359Z INFO @wdio/local-runner: Run worker command: run
[0-0] RUNNING in Android on Android - file:///C:/Users/User/Desktop/mobile-automation/tests/Smoke/Onboarding.ts
[0-0] 2026-03-21T19:58:38.010Z INFO webdriver: Initiate new session using the WebDriver protocol
[0-0] 2026-03-21T19:58:38.010Z INFO @wdio/utils: Connecting to existing driver at http://localhost:4723/
[0-0] 2026-03-21T19:58:38.026Z INFO webdriver: [POST] http://localhost:4723/session
[0-0] 2026-03-21T19:58:49.927Z INFO webdriver: COMMAND findElement("accessibility id", "Sign Up")
[0-0] 2026-03-21T19:58:49.928Z INFO webdriver: [POST] http://localhost:4723/session/e515d019-0c57-48fd-925f-5fb001ab24b4/element
[0-0] 2026-03-21T19:58:49.929Z INFO webdriver: DATA {"using":"accessibility id","value":"Sign Up"}
[0-0] 2026-03-21T19:58:50.973Z INFO webdriver: RESULT {
[0-0]   error: 'no such element',
[0-0]   message: 'An element could not be located on the page using the given search parameters.',
[0-0]   stacktrace: 'NoSuchElementError: An element could not be located on the page using the given search parameters.\n' +
[0-0]     '    at AndroidUiautomator2Driver.findElOrEls (C:\\Users\\User\\.appium\\node_modules\\appium-uiautomator2-driver\\node_modules\\appium-android-driver\\build\\lib\\commands\\find.js:62:15)\n' +
[0-0]     '    at process.processTicksAndRejections (node:internal/process/task_queues:105:5)\n' +
[0-0]     '    at async AndroidUiautomator2Driver.findElOrElsWithProcessing (C:\\Users\\User\\AppData\\Roaming\\npm\\node_modules\\appium\\node_modules\\@appium\\base-driver\\build\\lib\\basedriver\\commands\\find.js:12:16)\n' +
[0-0]     '    at async AndroidUiautomator2Driver.findElement (C:\\Users\\User\\AppData\\Roaming\\npm\\node_modules\\appium\\node_modules\\@appium\\base-driver\\build\\lib\\basedriver\\commands\\find.js:27:16)'
[0-0] }
[0-0] 2026-03-21T19:58:50.984Z INFO webdriver: COMMAND findElements("accessibility id", "Sign Up")
[0-0] 2026-03-21T19:58:50.984Z INFO webdriver: [POST] http://localhost:4723/session/e515d019-0c57-48fd-925f-5fb001ab24b4/elements
[0-0] 2026-03-21T19:58:50.984Z INFO webdriver: DATA {"using":"accessibility id","value":"Sign Up"}
[0-0] 2026-03-21T19:58:51.053Z INFO webdriver: RESULT []
[0-0] 2026-03-21T19:58:51.096Z INFO webdriver: COMMAND findElements("accessibility id", "Sign Up")
[0-0] 2026-03-21T19:58:51.097Z INFO webdriver: [POST] http://localhost:4723/session/e515d019-0c57-48fd-925f-5fb001ab24b4/elements
[0-0] 2026-03-21T19:58:51.097Z INFO webdriver: DATA {"using":"accessibility id","value":"Sign Up"}
[0-0] 2026-03-21T19:58:51.180Z INFO webdriver: RESULT []
[0-0] 2026-03-21T19:58:51.184Z INFO webdriver: COMMAND findElements("accessibility id", "Sign Up")
[0-0] 2026-03-21T19:58:51.185Z INFO webdriver: [POST] http://localhost:4723/session/e515d019-0c57-48fd-925f-5fb001ab24b4/elements
[0-0] 2026-03-21T19:58:51.185Z INFO webdriver: DATA {"using":"accessibility id","value":"Sign Up"}
[0-0] 2026-03-21T19:58:51.245Z INFO webdriver: RESULT []
[0-0] 2026-03-21T19:58:51.285Z INFO webdriver: COMMAND findElements("accessibility id", "Sign Up")
[0-0] 2026-03-21T19:58:51.286Z INFO webdriver: [POST] http://localhost:4723/session/e515d019-0c57-48fd-925f-5fb001ab24b4/elements
[0-0] 2026-03-21T19:58:51.286Z INFO webdriver: DATA {"using":"accessibility id","value":"Sign Up"}
[0-0] 2026-03-21T19:58:52.426Z INFO webdriver: RESULT []
[0-0] 2026-03-21T19:58:52.438Z INFO webdriver: COMMAND findElements("accessibility id", "Sign Up")
[0-0] 2026-03-21T19:58:52.438Z INFO webdriver: [POST] http://localhost:4723/session/e515d019-0c57-48fd-925f-5fb001ab24b4/elements
[0-0] 2026-03-21T19:58:52.438Z INFO webdriver: DATA {"using":"accessibility id","value":"Sign Up"}
[0-0] 2026-03-21T19:58:52.499Z INFO webdriver: RESULT []
[0-0] 2026-03-21T19:58:52.517Z INFO webdriver: COMMAND findElements("accessibility id", "Sign Up")
[0-0] 2026-03-21T19:58:52.517Z INFO webdriver: [POST] http://localhost:4723/session/e515d019-0c57-48fd-925f-5fb001ab24b4/elements
[0-0] 2026-03-21T19:58:52.517Z INFO webdriver: DATA {"using":"accessibility id","value":"Sign Up"}
[0-0] 2026-03-21T19:58:52.566Z INFO webdriver: RESULT []
[0-0] 2026-03-21T19:58:52.581Z INFO webdriver: COMMAND findElements("accessibility id", "Sign Up")
[0-0] 2026-03-21T19:58:52.582Z INFO webdriver: [POST] http://localhost:4723/session/e515d019-0c57-48fd-925f-5fb001ab24b4/elements
[0-0] 2026-03-21T19:58:52.582Z INFO webdriver: DATA {"using":"accessibility id","value":"Sign Up"}
[0-0] 2026-03-21T19:58:52.643Z INFO webdriver: RESULT []
[0-0] 2026-03-21T19:58:52.646Z INFO webdriver: COMMAND findElements("accessibility id", "Sign Up")
[0-0] 2026-03-21T19:58:52.646Z INFO webdriver: [POST] http://localhost:4723/session/e515d019-0c57-48fd-925f-5fb001ab24b4/elements
[0-0] 2026-03-21T19:58:52.647Z INFO webdriver: DATA {"using":"accessibility id","value":"Sign Up"}
[0-0] 2026-03-21T19:58:52.716Z INFO webdriver: RESULT []
[0-0] 2026-03-21T19:58:52.734Z INFO webdriver: COMMAND findElements("accessibility id", "Sign Up")
[0-0] 2026-03-21T19:58:52.735Z INFO webdriver: [POST] http://localhost:4723/session/e515d019-0c57-48fd-925f-5fb001ab24b4/elements
[0-0] 2026-03-21T19:58:52.735Z INFO webdriver: DATA {"using":"accessibility id","value":"Sign Up"}
[0-0] 2026-03-21T19:58:52.775Z INFO webdriver: RESULT []
[0-0] 2026-03-21T19:58:52.780Z INFO webdriver: COMMAND findElements("accessibility id", "Sign Up")
[0-0] 2026-03-21T19:58:52.780Z INFO webdriver: [POST] http://localhost:4723/session/e515d019-0c57-48fd-925f-5fb001ab24b4/elements
[0-0] 2026-03-21T19:58:52.781Z INFO webdriver: DATA {"using":"accessibility id","value":"Sign Up"}
[0-0] 2026-03-21T19:58:52.812Z INFO webdriver: RESULT []
[0-0] 2026-03-21T19:58:52.827Z INFO webdriver: COMMAND findElements("accessibility id", "Sign Up")
[0-0] 2026-03-21T19:58:52.827Z INFO webdriver: [POST] http://localhost:4723/session/e515d019-0c57-48fd-925f-5fb001ab24b4/elements
[0-0] 2026-03-21T19:58:52.827Z INFO webdriver: DATA {"using":"accessibility id","value":"Sign Up"}
[0-0] 2026-03-21T19:58:52.888Z INFO webdriver: RESULT []
[0-0] 2026-03-21T19:58:52.903Z INFO webdriver: COMMAND findElements("accessibility id", "Sign Up")
[0-0] 2026-03-21T19:58:52.904Z INFO webdriver: [POST] http://localhost:4723/session/e515d019-0c57-48fd-925f-5fb001ab24b4/elements
[0-0] 2026-03-21T19:58:52.904Z INFO webdriver: DATA {"using":"accessibility id","value":"Sign Up"}
[0-0] 2026-03-21T19:58:52.961Z INFO webdriver: RESULT []
[0-0] 2026-03-21T19:58:52.966Z INFO webdriver: COMMAND findElements("accessibility id", "Sign Up")
[0-0] 2026-03-21T19:58:52.966Z INFO webdriver: [POST] http://localhost:4723/session/e515d019-0c57-48fd-925f-5fb001ab24b4/elements
[0-0] 2026-03-21T19:58:52.967Z INFO webdriver: DATA {"using":"accessibility id","value":"Sign Up"}
[0-0] 2026-03-21T19:58:53.017Z INFO webdriver: RESULT []
[0-0] 2026-03-21T19:58:53.028Z INFO webdriver: COMMAND findElements("accessibility id", "Sign Up")
[0-0] 2026-03-21T19:58:53.028Z INFO webdriver: [POST] http://localhost:4723/session/e515d019-0c57-48fd-925f-5fb001ab24b4/elements
[0-0] 2026-03-21T19:58:53.028Z INFO webdriver: DATA {"using":"accessibility id","value":"Sign Up"}
[0-0] 2026-03-21T19:58:53.066Z INFO webdriver: RESULT []
[0-0] 2026-03-21T19:58:53.068Z INFO webdriver: COMMAND findElements("accessibility id", "Sign Up")
[0-0] 2026-03-21T19:58:53.069Z INFO webdriver: [POST] http://localhost:4723/session/e515d019-0c57-48fd-925f-5fb001ab24b4/elements
[0-0] 2026-03-21T19:58:53.069Z INFO webdriver: DATA {"using":"accessibility id","value":"Sign Up"}
[0-0] 2026-03-21T19:58:53.109Z INFO webdriver: RESULT []
[0-0] 2026-03-21T19:58:53.112Z INFO webdriver: COMMAND findElements("accessibility id", "Sign Up")
[0-0] 2026-03-21T19:58:53.113Z INFO webdriver: [POST] http://localhost:4723/session/e515d019-0c57-48fd-925f-5fb001ab24b4/elements
[0-0] 2026-03-21T19:58:53.113Z INFO webdriver: DATA {"using":"accessibility id","value":"Sign Up"}
[0-0] 2026-03-21T19:58:53.178Z INFO webdriver: RESULT []
[0-0] 2026-03-21T19:58:53.179Z INFO webdriver: COMMAND findElements("accessibility id", "Sign Up")
[0-0] 2026-03-21T19:58:53.180Z INFO webdriver: [POST] http://localhost:4723/session/e515d019-0c57-48fd-925f-5fb001ab24b4/elements
[0-0] 2026-03-21T19:58:53.180Z INFO webdriver: DATA {"using":"accessibility id","value":"Sign Up"}
[0-0] 2026-03-21T19:58:53.235Z INFO webdriver: RESULT []
[0-0] 2026-03-21T19:58:53.247Z INFO webdriver: COMMAND findElements("accessibility id", "Sign Up")
[0-0] 2026-03-21T19:58:53.247Z INFO webdriver: [POST] http://localhost:4723/session/e515d019-0c57-48fd-925f-5fb001ab24b4/elements
[0-0] 2026-03-21T19:58:53.247Z INFO webdriver: DATA {"using":"accessibility id","value":"Sign Up"}
[0-0] 2026-03-21T19:58:53.280Z INFO webdriver: RESULT []
[0-0] 2026-03-21T19:58:53.294Z INFO webdriver: COMMAND findElements("accessibility id", "Sign Up")
[0-0] 2026-03-21T19:58:53.294Z INFO webdriver: [POST] http://localhost:4723/session/e515d019-0c57-48fd-925f-5fb001ab24b4/elements
[0-0] 2026-03-21T19:58:53.294Z INFO webdriver: DATA {"using":"accessibility id","value":"Sign Up"}
[0-0] 2026-03-21T19:58:53.352Z INFO webdriver: RESULT []
[0-0] 2026-03-21T19:58:53.357Z INFO webdriver: COMMAND findElements("accessibility id", "Sign Up")
[0-0] 2026-03-21T19:58:53.357Z INFO webdriver: [POST] http://localhost:4723/session/e515d019-0c57-48fd-925f-5fb001ab24b4/elements
[0-0] 2026-03-21T19:58:53.357Z INFO webdriver: DATA {"using":"accessibility id","value":"Sign Up"}
[0-0] 2026-03-21T19:58:53.411Z INFO webdriver: RESULT []
[0-0] 2026-03-21T19:58:53.419Z INFO webdriver: COMMAND findElements("accessibility id", "Sign Up")
[0-0] 2026-03-21T19:58:53.419Z INFO webdriver: [POST] http://localhost:4723/session/e515d019-0c57-48fd-925f-5fb001ab24b4/elements
[0-0] 2026-03-21T19:58:53.419Z INFO webdriver: DATA {"using":"accessibility id","value":"Sign Up"}
[0-0] 2026-03-21T19:58:53.466Z INFO webdriver: RESULT []
[0-0] 2026-03-21T19:58:53.468Z INFO webdriver: COMMAND findElements("accessibility id", "Sign Up")
[0-0] 2026-03-21T19:58:53.469Z INFO webdriver: [POST] http://localhost:4723/session/e515d019-0c57-48fd-925f-5fb001ab24b4/elements
[0-0] 2026-03-21T19:58:53.469Z INFO webdriver: DATA {"using":"accessibility id","value":"Sign Up"}
[0-0] 2026-03-21T19:58:53.515Z INFO webdriver: RESULT []
[0-0] 2026-03-21T19:58:53.525Z INFO webdriver: COMMAND findElements("accessibility id", "Sign Up")
[0-0] 2026-03-21T19:58:53.525Z INFO webdriver: [POST] http://localhost:4723/session/e515d019-0c57-48fd-925f-5fb001ab24b4/elements
[0-0] 2026-03-21T19:58:53.525Z INFO webdriver: DATA {"using":"accessibility id","value":"Sign Up"}
[0-0] 2026-03-21T19:58:53.576Z INFO webdriver: RESULT []
[0-0] 2026-03-21T19:58:53.587Z INFO webdriver: COMMAND findElements("accessibility id", "Sign Up")
[0-0] 2026-03-21T19:58:53.587Z INFO webdriver: [POST] http://localhost:4723/session/e515d019-0c57-48fd-925f-5fb001ab24b4/elements
[0-0] 2026-03-21T19:58:53.587Z INFO webdriver: DATA {"using":"accessibility id","value":"Sign Up"}
[0-0] 2026-03-21T19:58:53.640Z INFO webdriver: RESULT []
[0-0] 2026-03-21T19:58:53.643Z INFO webdriver: COMMAND findElements("accessibility id", "Sign Up")
[0-0] 2026-03-21T19:58:53.643Z INFO webdriver: [POST] http://localhost:4723/session/e515d019-0c57-48fd-925f-5fb001ab24b4/elements
[0-0] 2026-03-21T19:58:53.643Z INFO webdriver: DATA {"using":"accessibility id","value":"Sign Up"}
[0-0] 2026-03-21T19:58:53.691Z INFO webdriver: RESULT []
[0-0] 2026-03-21T19:58:53.695Z INFO webdriver: COMMAND findElements("accessibility id", "Sign Up")
[0-0] 2026-03-21T19:58:53.695Z INFO webdriver: [POST] http://localhost:4723/session/e515d019-0c57-48fd-925f-5fb001ab24b4/elements
[0-0] 2026-03-21T19:58:53.695Z INFO webdriver: DATA {"using":"accessibility id","value":"Sign Up"}
[0-0] 2026-03-21T19:58:53.753Z INFO webdriver: RESULT []
[0-0] 2026-03-21T19:58:53.757Z INFO webdriver: COMMAND findElements("accessibility id", "Sign Up")
[0-0] 2026-03-21T19:58:53.757Z INFO webdriver: [POST] http://localhost:4723/session/e515d019-0c57-48fd-925f-5fb001ab24b4/elements
[0-0] 2026-03-21T19:58:53.757Z INFO webdriver: DATA {"using":"accessibility id","value":"Sign Up"}
[0-0] 2026-03-21T19:58:53.811Z INFO webdriver: RESULT []
[0-0] 2026-03-21T19:58:53.814Z INFO webdriver: COMMAND findElements("accessibility id", "Sign Up")
[0-0] 2026-03-21T19:58:53.815Z INFO webdriver: [POST] http://localhost:4723/session/e515d019-0c57-48fd-925f-5fb001ab24b4/elements
[0-0] 2026-03-21T19:58:53.815Z INFO webdriver: DATA {"using":"accessibility id","value":"Sign Up"}
[0-0] 2026-03-21T19:58:53.878Z INFO webdriver: RESULT []
[0-0] 2026-03-21T19:58:53.879Z INFO webdriver: COMMAND findElements("accessibility id", "Sign Up")
[0-0] 2026-03-21T19:58:53.880Z INFO webdriver: [POST] http://localhost:4723/session/e515d019-0c57-48fd-925f-5fb001ab24b4/elements
[0-0] 2026-03-21T19:58:53.880Z INFO webdriver: DATA {"using":"accessibility id","value":"Sign Up"}
[0-0] 2026-03-21T19:58:53.916Z INFO webdriver: RESULT []
[0-0] 2026-03-21T19:58:53.918Z INFO webdriver: COMMAND findElements("accessibility id", "Sign Up")
[0-0] 2026-03-21T19:58:53.919Z INFO webdriver: [POST] http://localhost:4723/session/e515d019-0c57-48fd-925f-5fb001ab24b4/elements
[0-0] 2026-03-21T19:58:53.919Z INFO webdriver: DATA {"using":"accessibility id","value":"Sign Up"}
[0-0] 2026-03-21T19:58:53.961Z INFO webdriver: RESULT []
[0-0] 2026-03-21T19:58:53.992Z INFO webdriver: COMMAND findElements("accessibility id", "Sign Up")
[0-0] 2026-03-21T19:58:53.993Z INFO webdriver: [POST] http://localhost:4723/session/e515d019-0c57-48fd-925f-5fb001ab24b4/elements
[0-0] 2026-03-21T19:58:53.993Z INFO webdriver: DATA {"using":"accessibility id","value":"Sign Up"}
[0-0] 2026-03-21T19:58:54.043Z INFO webdriver: RESULT []
[0-0] 2026-03-21T19:58:54.086Z INFO webdriver: COMMAND findElements("accessibility id", "Sign Up")
[0-0] 2026-03-21T19:58:54.086Z INFO webdriver: [POST] http://localhost:4723/session/e515d019-0c57-48fd-925f-5fb001ab24b4/elements
[0-0] 2026-03-21T19:58:54.086Z INFO webdriver: DATA {"using":"accessibility id","value":"Sign Up"}
[0-0] 2026-03-21T19:58:54.148Z INFO webdriver: RESULT []
[0-0] 2026-03-21T19:58:54.195Z INFO webdriver: COMMAND findElements("accessibility id", "Sign Up")
[0-0] 2026-03-21T19:58:54.195Z INFO webdriver: [POST] http://localhost:4723/session/e515d019-0c57-48fd-925f-5fb001ab24b4/elements
[0-0] 2026-03-21T19:58:54.196Z INFO webdriver: DATA {"using":"accessibility id","value":"Sign Up"}
[0-0] 2026-03-21T19:58:54.244Z INFO webdriver: RESULT []
[0-0] 2026-03-21T19:58:54.288Z INFO webdriver: COMMAND findElements("accessibility id", "Sign Up")
[0-0] 2026-03-21T19:58:54.288Z INFO webdriver: [POST] http://localhost:4723/session/e515d019-0c57-48fd-925f-5fb001ab24b4/elements
[0-0] 2026-03-21T19:58:54.288Z INFO webdriver: DATA {"using":"accessibility id","value":"Sign Up"}
[0-0] 2026-03-21T19:58:54.371Z INFO webdriver: RESULT []
[0-0] 2026-03-21T19:58:54.398Z INFO webdriver: COMMAND findElements("accessibility id", "Sign Up")
[0-0] 2026-03-21T19:58:54.398Z INFO webdriver: [POST] http://localhost:4723/session/e515d019-0c57-48fd-925f-5fb001ab24b4/elements
[0-0] 2026-03-21T19:58:54.398Z INFO webdriver: DATA {"using":"accessibility id","value":"Sign Up"}
[0-0] 2026-03-21T19:58:54.455Z INFO webdriver: RESULT []
[0-0] 2026-03-21T19:58:54.492Z INFO webdriver: COMMAND findElements("accessibility id", "Sign Up")
[0-0] 2026-03-21T19:58:54.493Z INFO webdriver: [POST] http://localhost:4723/session/e515d019-0c57-48fd-925f-5fb001ab24b4/elements
[0-0] 2026-03-21T19:58:54.493Z INFO webdriver: DATA {"using":"accessibility id","value":"Sign Up"}
[0-0] 2026-03-21T19:58:54.609Z INFO webdriver: RESULT []
[0-0] 2026-03-21T19:58:54.616Z INFO webdriver: COMMAND findElements("accessibility id", "Sign Up")
[0-0] 2026-03-21T19:58:54.616Z INFO webdriver: [POST] http://localhost:4723/session/e515d019-0c57-48fd-925f-5fb001ab24b4/elements
[0-0] 2026-03-21T19:58:54.616Z INFO webdriver: DATA {"using":"accessibility id","value":"Sign Up"}
[0-0] 2026-03-21T19:58:55.376Z INFO webdriver: RESULT [
[0-0]   {
[0-0]     'element-6066-11e4-a52e-4f735466cecf': '00000000-0000-0160-ffff-ffff0000001e',
[0-0]     ELEMENT: '00000000-0000-0160-ffff-ffff0000001e'
[0-0]   }
[0-0] ]
[0-0] 2026-03-21T19:58:55.383Z INFO webdriver: COMMAND findElement("accessibility id", "Sign Up")
[0-0] 2026-03-21T19:58:55.384Z INFO webdriver: [POST] http://localhost:4723/session/e515d019-0c57-48fd-925f-5fb001ab24b4/element
[0-0] 2026-03-21T19:58:55.384Z INFO webdriver: DATA {"using":"accessibility id","value":"Sign Up"}
[0-0] 2026-03-21T19:58:55.443Z INFO webdriver: RESULT {
[0-0]   'element-6066-11e4-a52e-4f735466cecf': '00000000-0000-0160-ffff-ffff0000001e',
[0-0]   ELEMENT: '00000000-0000-0160-ffff-ffff0000001e'
[0-0] }
[0-0] 2026-03-21T19:58:55.447Z INFO webdriver: COMMAND findElement("accessibility id", "Sign Up")
[0-0] 2026-03-21T19:58:55.447Z INFO webdriver: [POST] http://localhost:4723/session/e515d019-0c57-48fd-925f-5fb001ab24b4/element
[0-0] 2026-03-21T19:58:55.447Z INFO webdriver: DATA {"using":"accessibility id","value":"Sign Up"}
[0-0] 2026-03-21T19:58:55.491Z INFO webdriver: RESULT {
[0-0]   'element-6066-11e4-a52e-4f735466cecf': '00000000-0000-0160-ffff-ffff0000001e',
[0-0]   ELEMENT: '00000000-0000-0160-ffff-ffff0000001e'
[0-0] }
[0-0] 2026-03-21T19:58:55.494Z INFO webdriver: COMMAND elementClick("00000000-0000-0160-ffff-ffff0000001e")
[0-0] 2026-03-21T19:58:55.495Z INFO webdriver: [POST] http://localhost:4723/session/e515d019-0c57-48fd-925f-5fb001ab24b4/element/00000000-0000-0160-ffff-ffff0000001e/click
[0-0] 2026-03-21T19:58:55.495Z INFO webdriver: DATA {}
[0-0] 2026-03-21T19:58:55.625Z INFO webdriver: RESULT null
[0-0] 2026-03-21T19:58:55.625Z INFO webdriver: COMMAND findElement("-android uiautomator", "new UiSelector().text("Eg: Kamlesh")")
[0-0] 2026-03-21T19:58:55.626Z INFO webdriver: [POST] http://localhost:4723/session/e515d019-0c57-48fd-925f-5fb001ab24b4/element
[0-0] 2026-03-21T19:58:55.626Z INFO webdriver: DATA {"using":"-android uiautomator","value":"new UiSelector().text(\"Eg: Kamlesh\")"}
[0-0] 2026-03-21T19:58:55.884Z INFO webdriver: RESULT {
[0-0]   error: 'no such element',
[0-0]   message: 'An element could not be located on the page using the given search parameters.',
[0-0]   stacktrace: 'NoSuchElementError: An element could not be located on the page using the given search parameters.\n' +
[0-0]     '    at AndroidUiautomator2Driver.findElOrEls (C:\\Users\\User\\.appium\\node_modules\\appium-uiautomator2-driver\\node_modules\\appium-android-driver\\build\\lib\\commands\\find.js:62:15)\n' +
[0-0]     '    at process.processTicksAndRejections (node:internal/process/task_queues:105:5)\n' +
[0-0]     '    at async AndroidUiautomator2Driver.findElOrElsWithProcessing (C:\\Users\\User\\AppData\\Roaming\\npm\\node_modules\\appium\\node_modules\\@appium\\base-driver\\build\\lib\\basedriver\\commands\\find.js:12:16)\n' +
[0-0]     '    at async AndroidUiautomator2Driver.findElement (C:\\Users\\User\\AppData\\Roaming\\npm\\node_modules\\appium\\node_modules\\@appium\\base-driver\\build\\lib\\basedriver\\commands\\find.js:27:16)'
[0-0] }
[0-0] 2026-03-21T19:58:55.891Z INFO webdriver: COMMAND findElements("-android uiautomator", "new UiSelector().text("Eg: Kamlesh")")
[0-0] 2026-03-21T19:58:55.892Z INFO webdriver: [POST] http://localhost:4723/session/e515d019-0c57-48fd-925f-5fb001ab24b4/elements
[0-0] 2026-03-21T19:58:55.892Z INFO webdriver: DATA {"using":"-android uiautomator","value":"new UiSelector().text(\"Eg: Kamlesh\")"}
[0-0] 2026-03-21T19:58:56.552Z INFO webdriver: RESULT [
[0-0]   {
[0-0]     'element-6066-11e4-a52e-4f735466cecf': '00000000-0000-0160-ffff-ffff00000032',
[0-0]     ELEMENT: '00000000-0000-0160-ffff-ffff00000032'
[0-0]   }
[0-0] ]
[0-0] 2026-03-21T19:58:56.555Z INFO webdriver: COMMAND findElement("-android uiautomator", "new UiSelector().text("Eg: Kamlesh")")
[0-0] 2026-03-21T19:58:56.556Z INFO webdriver: [POST] http://localhost:4723/session/e515d019-0c57-48fd-925f-5fb001ab24b4/element
[0-0] 2026-03-21T19:58:56.556Z INFO webdriver: DATA {"using":"-android uiautomator","value":"new UiSelector().text(\"Eg: Kamlesh\")"}
[0-0] 2026-03-21T19:58:56.612Z INFO webdriver: RESULT {
[0-0]   'element-6066-11e4-a52e-4f735466cecf': '00000000-0000-0160-ffff-ffff00000032',
[0-0]   ELEMENT: '00000000-0000-0160-ffff-ffff00000032'
[0-0] }
[0-0] 2026-03-21T19:58:56.616Z INFO webdriver: COMMAND findElement("-android uiautomator", "new UiSelector().text("Eg: Kamlesh")")
[0-0] 2026-03-21T19:58:56.616Z INFO webdriver: [POST] http://localhost:4723/session/e515d019-0c57-48fd-925f-5fb001ab24b4/element
[0-0] 2026-03-21T19:58:56.616Z INFO webdriver: DATA {"using":"-android uiautomator","value":"new UiSelector().text(\"Eg: Kamlesh\")"}
[0-0] 2026-03-21T19:58:56.690Z INFO webdriver: RESULT {
[0-0]   'element-6066-11e4-a52e-4f735466cecf': '00000000-0000-0160-ffff-ffff00000032',
[0-0]   ELEMENT: '00000000-0000-0160-ffff-ffff00000032'
[0-0] }
[0-0] 2026-03-21T19:58:56.693Z INFO webdriver: COMMAND elementClear("00000000-0000-0160-ffff-ffff00000032")
[0-0] 2026-03-21T19:58:56.693Z INFO webdriver: [POST] http://localhost:4723/session/e515d019-0c57-48fd-925f-5fb001ab24b4/element/00000000-0000-0160-ffff-ffff00000032/clear
[0-0] 2026-03-21T19:58:56.693Z INFO webdriver: DATA {}
[0-0] 2026-03-21T19:58:56.760Z INFO webdriver: RESULT null
[0-0] 2026-03-21T19:58:56.761Z INFO webdriver: COMMAND elementSendKeys("00000000-0000-0160-ffff-ffff00000032", "Testing")
[0-0] 2026-03-21T19:58:56.761Z INFO webdriver: [POST] http://localhost:4723/session/e515d019-0c57-48fd-925f-5fb001ab24b4/element/00000000-0000-0160-ffff-ffff00000032/value
[0-0] 2026-03-21T19:58:56.761Z INFO webdriver: DATA {"text":"Testing"}
[0-0] 2026-03-21T19:58:57.870Z INFO webdriver: RESULT null
[0-0] 2026-03-21T19:58:57.871Z INFO webdriver: COMMAND findElement("-android uiautomator", "new UiSelector().text("Eg: Kumar")")
[0-0] 2026-03-21T19:58:57.872Z INFO webdriver: [POST] http://localhost:4723/session/e515d019-0c57-48fd-925f-5fb001ab24b4/element
[0-0] 2026-03-21T19:58:57.872Z INFO webdriver: DATA {"using":"-android uiautomator","value":"new UiSelector().text(\"Eg: Kumar\")"}
[0-0] 2026-03-21T19:58:58.408Z INFO webdriver: RESULT {
[0-0]   'element-6066-11e4-a52e-4f735466cecf': '00000000-0000-0160-ffff-ffff00000036',
[0-0]   ELEMENT: '00000000-0000-0160-ffff-ffff00000036'
[0-0] }
[0-0] 2026-03-21T19:58:58.412Z INFO webdriver: COMMAND elementClear("00000000-0000-0160-ffff-ffff00000036")
[0-0] 2026-03-21T19:58:58.413Z INFO webdriver: [POST] http://localhost:4723/session/e515d019-0c57-48fd-925f-5fb001ab24b4/element/00000000-0000-0160-ffff-ffff00000036/clear
[0-0] 2026-03-21T19:58:58.413Z INFO webdriver: DATA {}
[0-0] 2026-03-21T19:58:58.484Z INFO webdriver: RESULT null
[0-0] 2026-03-21T19:58:58.485Z INFO webdriver: COMMAND elementSendKeys("00000000-0000-0160-ffff-ffff00000036", "LN_dufcer")
[0-0] 2026-03-21T19:58:58.485Z INFO webdriver: [POST] http://localhost:4723/session/e515d019-0c57-48fd-925f-5fb001ab24b4/element/00000000-0000-0160-ffff-ffff00000036/value
[0-0] 2026-03-21T19:58:58.485Z INFO webdriver: DATA {"text":"LN_dufcer"}
[0-0] 2026-03-21T19:58:59.581Z INFO webdriver: RESULT null
[0-0] 2026-03-21T19:58:59.584Z INFO webdriver: COMMAND findElement("-android uiautomator", "new UiSelector().text("Eg: 8768768768")")
[0-0] 2026-03-21T19:58:59.584Z INFO webdriver: [POST] http://localhost:4723/session/e515d019-0c57-48fd-925f-5fb001ab24b4/element
[0-0] 2026-03-21T19:58:59.584Z INFO webdriver: DATA {"using":"-android uiautomator","value":"new UiSelector().text(\"Eg: 8768768768\")"}
[0-0] 2026-03-21T19:59:00.191Z INFO webdriver: RESULT {
[0-0]   'element-6066-11e4-a52e-4f735466cecf': '00000000-0000-0160-ffff-ffff0000003b',
[0-0]   ELEMENT: '00000000-0000-0160-ffff-ffff0000003b'
[0-0] }
[0-0] 2026-03-21T19:59:00.194Z INFO webdriver: COMMAND elementClear("00000000-0000-0160-ffff-ffff0000003b")
[0-0] 2026-03-21T19:59:00.195Z INFO webdriver: [POST] http://localhost:4723/session/e515d019-0c57-48fd-925f-5fb001ab24b4/element/00000000-0000-0160-ffff-ffff0000003b/clear
[0-0] 2026-03-21T19:59:00.195Z INFO webdriver: DATA {}
[0-0] 2026-03-21T19:59:00.256Z INFO webdriver: RESULT null
[0-0] 2026-03-21T19:59:00.257Z INFO webdriver: COMMAND elementSendKeys("00000000-0000-0160-ffff-ffff0000003b", "6000000106")
[0-0] 2026-03-21T19:59:00.257Z INFO webdriver: [POST] http://localhost:4723/session/e515d019-0c57-48fd-925f-5fb001ab24b4/element/00000000-0000-0160-ffff-ffff0000003b/value
[0-0] 2026-03-21T19:59:00.258Z INFO webdriver: DATA {"text":"6000000106"}
[0-0] 2026-03-21T19:59:01.334Z INFO webdriver: RESULT null
[0-0] 2026-03-21T19:59:01.335Z INFO webdriver: COMMAND findElement("accessibility id", "Submit")
[0-0] 2026-03-21T19:59:01.335Z INFO webdriver: [POST] http://localhost:4723/session/e515d019-0c57-48fd-925f-5fb001ab24b4/element
[0-0] 2026-03-21T19:59:01.336Z INFO webdriver: DATA {"using":"accessibility id","value":"Submit"}
[0-0] 2026-03-21T19:59:01.972Z INFO webdriver: RESULT {
[0-0]   'element-6066-11e4-a52e-4f735466cecf': '00000000-0000-0160-ffff-ffff0000003e',
[0-0]   ELEMENT: '00000000-0000-0160-ffff-ffff0000003e'
[0-0] }
[0-0] 2026-03-21T19:59:01.978Z INFO webdriver: COMMAND isElementDisplayed("00000000-0000-0160-ffff-ffff0000003e")
[0-0] 2026-03-21T19:59:01.979Z INFO webdriver: [GET] http://localhost:4723/session/e515d019-0c57-48fd-925f-5fb001ab24b4/element/00000000-0000-0160-ffff-ffff0000003e/displayed
[0-0] 2026-03-21T19:59:02.042Z INFO webdriver: RESULT true
[0-0] 2026-03-21T19:59:02.042Z INFO webdriver: COMMAND elementClick("00000000-0000-0160-ffff-ffff0000003e")
[0-0] 2026-03-21T19:59:02.043Z INFO webdriver: [POST] http://localhost:4723/session/e515d019-0c57-48fd-925f-5fb001ab24b4/element/00000000-0000-0160-ffff-ffff0000003e/click
[0-0] 2026-03-21T19:59:02.043Z INFO webdriver: DATA {}
[0-0] 2026-03-21T19:59:02.160Z INFO webdriver: RESULT null
[0-0] ≡ƒö╣ OTP not found
[0-0] ≡ƒö╣ OTP not found
[0-0] 2026-03-21T19:59:02.395Z INFO webdriver: COMMAND findElement("-android uiautomator", "new UiSelector().resourceId("otp-input").instance(0)")
[0-0] 2026-03-21T19:59:02.395Z INFO webdriver: [POST] http://localhost:4723/session/e515d019-0c57-48fd-925f-5fb001ab24b4/element
[0-0] 2026-03-21T19:59:02.395Z INFO webdriver: DATA {"using":"-android uiautomator","value":"new UiSelector().resourceId(\"otp-input\").instance(0)"}
[0-0] 2026-03-21T19:59:02.909Z INFO webdriver: RESULT {
[0-0]   error: 'no such element',
[0-0]   message: 'An element could not be located on the page using the given search parameters.',
[0-0]   stacktrace: 'NoSuchElementError: An element could not be located on the page using the given search parameters.\n' +
[0-0]     '    at AndroidUiautomator2Driver.findElOrEls (C:\\Users\\User\\.appium\\node_modules\\appium-uiautomator2-driver\\node_modules\\appium-android-driver\\build\\lib\\commands\\find.js:62:15)\n' +
[0-0]     '    at process.processTicksAndRejections (node:internal/process/task_queues:105:5)\n' +
[0-0]     '    at async AndroidUiautomator2Driver.findElOrElsWithProcessing (C:\\Users\\User\\AppData\\Roaming\\npm\\node_modules\\appium\\node_modules\\@appium\\base-driver\\build\\lib\\basedriver\\commands\\find.js:12:16)\n' +
[0-0]     '    at async AndroidUiautomator2Driver.findElement (C:\\Users\\User\\AppData\\Roaming\\npm\\node_modules\\appium\\node_modules\\@appium\\base-driver\\build\\lib\\basedriver\\commands\\find.js:27:16)'
[0-0] }
[0-0] TypeError in "Onboarding Tests.should verify otp page"
TypeError: Cannot read properties of null (reading '0')
    at OtpPage.enterOtp (C:\Users\User\Desktop\mobile-automation\pages\OtpPage.ts:32:52)
    at async Context.<anonymous> (C:\Users\User\Desktop\mobile-automation\tests\Smoke\Onboarding.ts:17:9)
    at async Context.executeAsync (C:\Users\User\Desktop\mobile-automation\node_modules\@wdio\utils\build\index.js:1108:20)
    at async Context.testFrameworkFnWrapper (C:\Users\User\Desktop\mobile-automation\node_modules\@wdio\utils\build\index.js:1188:14)
[0-0] 2026-03-21T19:59:02.931Z INFO webdriver: COMMAND deleteSession()
[0-0] 2026-03-21T19:59:02.931Z INFO webdriver: [DELETE] http://localhost:4723/session/e515d019-0c57-48fd-925f-5fb001ab24b4
[0-0] 2026-03-21T19:59:04.406Z INFO webdriver: RESULT null
[0-0] FAILED in Android on Android - file:///C:/Users/User/Desktop/mobile-automation/tests/Smoke/Onboarding.ts
2026-03-21T19:59:04.547Z INFO @wdio/cli:launcher: Run onWorkerEnd hook

 "spec" Reporter:
------------------------------------------------------------------
[zipppee-staging.apk Android #0-0] Running: zipppee-staging.apk on Android
[zipppee-staging.apk Android #0-0] Session ID: e515d019-0c57-48fd-925f-5fb001ab24b4
[zipppee-staging.apk Android #0-0]
[zipppee-staging.apk Android #0-0] ┬╗ tests\Smoke\Onboarding.ts
[zipppee-staging.apk Android #0-0] Onboarding Tests
[zipppee-staging.apk Android #0-0]    Γ£ô should verify login button
[zipppee-staging.apk Android #0-0]    Γ£û should verify otp page
[zipppee-staging.apk Android #0-0]
[zipppee-staging.apk Android #0-0] 1 passing (14.4s)
[zipppee-staging.apk Android #0-0] 1 failing
[zipppee-staging.apk Android #0-0]
[zipppee-staging.apk Android #0-0] 1) Onboarding Tests should verify otp page
[zipppee-staging.apk Android #0-0] Cannot read properties of null (reading '0')
[zipppee-staging.apk Android #0-0] TypeError: Cannot read properties of null (reading '0')
[zipppee-staging.apk Android #0-0]     at OtpPage.enterOtp (C:\Users\User\Desktop\mobile-automation\pages\OtpPage.ts:32:52)
[zipppee-staging.apk Android #0-0]     at async Context.<anonymous> (C:\Users\User\Desktop\mobile-automation\tests\Smoke\Onboarding.ts:17:9)
[zipppee-staging.apk Android #0-0]     at async Context.executeAsync (C:\Users\User\Desktop\mobile-automation\node_modules\@wdio\utils\build\index.js:1108:20)
[zipppee-staging.apk Android #0-0]     at async Context.testFrameworkFnWrapper (C:\Users\User\Desktop\mobile-automation\node_modules\@wdio\utils\build\index.js:1188:14)


Spec Files:	 0 passed, 1 failed, 1 total (100% completed) in 00:00:28  

2026-03-21T19:59:04.548Z INFO @wdio/local-runner: Shutting down spawned worker
2026-03-21T19:59:04.800Z INFO @wdio/local-runner: Waiting for 0 to shut down gracefully
2026-03-21T19:59:04.800Z INFO @wdio/local-runner: shutting down
2026-03-21T19:59:04.800Z INFO @wdio/cli:launcher: Run onComplete hook
