
> mobile-automation@1.0.0 test:staging
> cross-env ENV=staging wdio run ./wdio.conf.ts --spec tests/Smoke/Onboarding.ts

2026-03-21T20:05:33.021Z INFO @wdio/cli:launcher: Run onPrepare hook

Execution of 1 workers started at 2026-03-21T20:05:33.024Z

2026-03-21T20:05:33.027Z INFO @wdio/cli:launcher: Run onWorkerStart hook
2026-03-21T20:05:33.027Z INFO @wdio/xvfb: XvfbManager.init() called
2026-03-21T20:05:33.027Z INFO @wdio/xvfb: Xvfb not needed on current platform
2026-03-21T20:05:33.029Z INFO @wdio/local-runner: Start worker 0-0 with arg: run ./wdio.conf.ts --spec tests/Smoke/Onboarding.ts
2026-03-21T20:05:33.069Z INFO @wdio/xvfb:ProcessFactory: xvfb-run not found, falling back to regular fork
2026-03-21T20:05:33.070Z INFO @wdio/xvfb:ProcessFactory: ProcessFactory: shouldRun=false, isAvailable=false
2026-03-21T20:05:33.070Z INFO @wdio/xvfb:ProcessFactory: Creating worker process with regular fork
[0-0] 2026-03-21T20:05:34.679Z INFO @wdio/local-runner: Run worker command: run
[0-0] RUNNING in Android on Android - file:///C:/Users/User/Desktop/mobile-automation/tests/Smoke/Onboarding.ts
[0-0] 2026-03-21T20:05:35.412Z INFO webdriver: Initiate new session using the WebDriver protocol
[0-0] 2026-03-21T20:05:35.413Z INFO @wdio/utils: Connecting to existing driver at http://localhost:4723/
[0-0] 2026-03-21T20:05:35.435Z INFO webdriver: [POST] http://localhost:4723/session
[0-0] 2026-03-21T20:05:45.966Z INFO webdriver: COMMAND findElement("accessibility id", "Sign Up")
[0-0] 2026-03-21T20:05:45.967Z INFO webdriver: [POST] http://localhost:4723/session/0cafe23d-e241-46d9-9631-6d22e3651451/element
[0-0] 2026-03-21T20:05:45.968Z INFO webdriver: DATA {"using":"accessibility id","value":"Sign Up"}
[0-0] 2026-03-21T20:05:46.907Z INFO webdriver: RESULT {
[0-0]   error: 'no such element',
[0-0]   message: 'An element could not be located on the page using the given search parameters.',
[0-0]   stacktrace: 'NoSuchElementError: An element could not be located on the page using the given search parameters.\n' +
[0-0]     '    at AndroidUiautomator2Driver.findElOrEls (C:\\Users\\User\\.appium\\node_modules\\appium-uiautomator2-driver\\node_modules\\appium-android-driver\\build\\lib\\commands\\find.js:62:15)\n' +
[0-0]     '    at process.processTicksAndRejections (node:internal/process/task_queues:105:5)\n' +
[0-0]     '    at async AndroidUiautomator2Driver.findElOrElsWithProcessing (C:\\Users\\User\\AppData\\Roaming\\npm\\node_modules\\appium\\node_modules\\@appium\\base-driver\\build\\lib\\basedriver\\commands\\find.js:12:16)\n' +
[0-0]     '    at async AndroidUiautomator2Driver.findElement (C:\\Users\\User\\AppData\\Roaming\\npm\\node_modules\\appium\\node_modules\\@appium\\base-driver\\build\\lib\\basedriver\\commands\\find.js:27:16)'
[0-0] }
[0-0] 2026-03-21T20:05:46.918Z INFO webdriver: COMMAND findElements("accessibility id", "Sign Up")
[0-0] 2026-03-21T20:05:46.919Z INFO webdriver: [POST] http://localhost:4723/session/0cafe23d-e241-46d9-9631-6d22e3651451/elements
[0-0] 2026-03-21T20:05:46.920Z INFO webdriver: DATA {"using":"accessibility id","value":"Sign Up"}
[0-0] 2026-03-21T20:05:46.976Z INFO webdriver: RESULT []
[0-0] 2026-03-21T20:05:47.029Z INFO webdriver: COMMAND findElements("accessibility id", "Sign Up")
[0-0] 2026-03-21T20:05:47.030Z INFO webdriver: [POST] http://localhost:4723/session/0cafe23d-e241-46d9-9631-6d22e3651451/elements
[0-0] 2026-03-21T20:05:47.030Z INFO webdriver: DATA {"using":"accessibility id","value":"Sign Up"}
[0-0] 2026-03-21T20:05:47.092Z INFO webdriver: RESULT []
[0-0] 2026-03-21T20:05:47.124Z INFO webdriver: COMMAND findElements("accessibility id", "Sign Up")
[0-0] 2026-03-21T20:05:47.124Z INFO webdriver: [POST] http://localhost:4723/session/0cafe23d-e241-46d9-9631-6d22e3651451/elements
[0-0] 2026-03-21T20:05:47.124Z INFO webdriver: DATA {"using":"accessibility id","value":"Sign Up"}
[0-0] 2026-03-21T20:05:48.082Z INFO webdriver: RESULT []
[0-0] 2026-03-21T20:05:48.089Z INFO webdriver: COMMAND findElements("accessibility id", "Sign Up")
[0-0] 2026-03-21T20:05:48.090Z INFO webdriver: [POST] http://localhost:4723/session/0cafe23d-e241-46d9-9631-6d22e3651451/elements
[0-0] 2026-03-21T20:05:48.090Z INFO webdriver: DATA {"using":"accessibility id","value":"Sign Up"}
[0-0] 2026-03-21T20:05:48.158Z INFO webdriver: RESULT []
[0-0] 2026-03-21T20:05:48.166Z INFO webdriver: COMMAND findElements("accessibility id", "Sign Up")
[0-0] 2026-03-21T20:05:48.167Z INFO webdriver: [POST] http://localhost:4723/session/0cafe23d-e241-46d9-9631-6d22e3651451/elements
[0-0] 2026-03-21T20:05:48.167Z INFO webdriver: DATA {"using":"accessibility id","value":"Sign Up"}
[0-0] 2026-03-21T20:05:48.257Z INFO webdriver: RESULT []
[0-0] 2026-03-21T20:05:48.259Z INFO webdriver: COMMAND findElements("accessibility id", "Sign Up")
[0-0] 2026-03-21T20:05:48.260Z INFO webdriver: [POST] http://localhost:4723/session/0cafe23d-e241-46d9-9631-6d22e3651451/elements
[0-0] 2026-03-21T20:05:48.260Z INFO webdriver: DATA {"using":"accessibility id","value":"Sign Up"}
[0-0] 2026-03-21T20:05:48.336Z INFO webdriver: RESULT []
[0-0] 2026-03-21T20:05:48.338Z INFO webdriver: COMMAND findElements("accessibility id", "Sign Up")
[0-0] 2026-03-21T20:05:48.339Z INFO webdriver: [POST] http://localhost:4723/session/0cafe23d-e241-46d9-9631-6d22e3651451/elements
[0-0] 2026-03-21T20:05:48.339Z INFO webdriver: DATA {"using":"accessibility id","value":"Sign Up"}
[0-0] 2026-03-21T20:05:48.372Z INFO webdriver: RESULT []
[0-0] 2026-03-21T20:05:48.384Z INFO webdriver: COMMAND findElements("accessibility id", "Sign Up")
[0-0] 2026-03-21T20:05:48.384Z INFO webdriver: [POST] http://localhost:4723/session/0cafe23d-e241-46d9-9631-6d22e3651451/elements
[0-0] 2026-03-21T20:05:48.384Z INFO webdriver: DATA {"using":"accessibility id","value":"Sign Up"}
[0-0] 2026-03-21T20:05:48.422Z INFO webdriver: RESULT []
[0-0] 2026-03-21T20:05:48.424Z INFO webdriver: COMMAND findElements("accessibility id", "Sign Up")
[0-0] 2026-03-21T20:05:48.425Z INFO webdriver: [POST] http://localhost:4723/session/0cafe23d-e241-46d9-9631-6d22e3651451/elements
[0-0] 2026-03-21T20:05:48.425Z INFO webdriver: DATA {"using":"accessibility id","value":"Sign Up"}
[0-0] 2026-03-21T20:05:48.465Z INFO webdriver: RESULT []
[0-0] 2026-03-21T20:05:48.467Z INFO webdriver: COMMAND findElements("accessibility id", "Sign Up")
[0-0] 2026-03-21T20:05:48.467Z INFO webdriver: [POST] http://localhost:4723/session/0cafe23d-e241-46d9-9631-6d22e3651451/elements
[0-0] 2026-03-21T20:05:48.468Z INFO webdriver: DATA {"using":"accessibility id","value":"Sign Up"}
[0-0] 2026-03-21T20:05:48.506Z INFO webdriver: RESULT []
[0-0] 2026-03-21T20:05:48.523Z INFO webdriver: COMMAND findElements("accessibility id", "Sign Up")
[0-0] 2026-03-21T20:05:48.524Z INFO webdriver: [POST] http://localhost:4723/session/0cafe23d-e241-46d9-9631-6d22e3651451/elements
[0-0] 2026-03-21T20:05:48.524Z INFO webdriver: DATA {"using":"accessibility id","value":"Sign Up"}
[0-0] 2026-03-21T20:05:48.588Z INFO webdriver: RESULT []
[0-0] 2026-03-21T20:05:48.601Z INFO webdriver: COMMAND findElements("accessibility id", "Sign Up")
[0-0] 2026-03-21T20:05:48.601Z INFO webdriver: [POST] http://localhost:4723/session/0cafe23d-e241-46d9-9631-6d22e3651451/elements
[0-0] 2026-03-21T20:05:48.602Z INFO webdriver: DATA {"using":"accessibility id","value":"Sign Up"}
[0-0] 2026-03-21T20:05:48.653Z INFO webdriver: RESULT []
[0-0] 2026-03-21T20:05:48.662Z INFO webdriver: COMMAND findElements("accessibility id", "Sign Up")
[0-0] 2026-03-21T20:05:48.662Z INFO webdriver: [POST] http://localhost:4723/session/0cafe23d-e241-46d9-9631-6d22e3651451/elements
[0-0] 2026-03-21T20:05:48.662Z INFO webdriver: DATA {"using":"accessibility id","value":"Sign Up"}
[0-0] 2026-03-21T20:05:48.704Z INFO webdriver: RESULT []
[0-0] 2026-03-21T20:05:48.710Z INFO webdriver: COMMAND findElements("accessibility id", "Sign Up")
[0-0] 2026-03-21T20:05:48.710Z INFO webdriver: [POST] http://localhost:4723/session/0cafe23d-e241-46d9-9631-6d22e3651451/elements
[0-0] 2026-03-21T20:05:48.710Z INFO webdriver: DATA {"using":"accessibility id","value":"Sign Up"}
[0-0] 2026-03-21T20:05:48.757Z INFO webdriver: RESULT []
[0-0] 2026-03-21T20:05:48.772Z INFO webdriver: COMMAND findElements("accessibility id", "Sign Up")
[0-0] 2026-03-21T20:05:48.772Z INFO webdriver: [POST] http://localhost:4723/session/0cafe23d-e241-46d9-9631-6d22e3651451/elements
[0-0] 2026-03-21T20:05:48.773Z INFO webdriver: DATA {"using":"accessibility id","value":"Sign Up"}
[0-0] 2026-03-21T20:05:48.850Z INFO webdriver: RESULT []
[0-0] 2026-03-21T20:05:48.854Z INFO webdriver: COMMAND findElements("accessibility id", "Sign Up")
[0-0] 2026-03-21T20:05:48.854Z INFO webdriver: [POST] http://localhost:4723/session/0cafe23d-e241-46d9-9631-6d22e3651451/elements
[0-0] 2026-03-21T20:05:48.854Z INFO webdriver: DATA {"using":"accessibility id","value":"Sign Up"}
[0-0] 2026-03-21T20:05:48.909Z INFO webdriver: RESULT []
[0-0] 2026-03-21T20:05:48.913Z INFO webdriver: COMMAND findElements("accessibility id", "Sign Up")
[0-0] 2026-03-21T20:05:48.913Z INFO webdriver: [POST] http://localhost:4723/session/0cafe23d-e241-46d9-9631-6d22e3651451/elements
[0-0] 2026-03-21T20:05:48.913Z INFO webdriver: DATA {"using":"accessibility id","value":"Sign Up"}
[0-0] 2026-03-21T20:05:48.969Z INFO webdriver: RESULT []
[0-0] 2026-03-21T20:05:48.975Z INFO webdriver: COMMAND findElements("accessibility id", "Sign Up")
[0-0] 2026-03-21T20:05:48.975Z INFO webdriver: [POST] http://localhost:4723/session/0cafe23d-e241-46d9-9631-6d22e3651451/elements
[0-0] 2026-03-21T20:05:48.976Z INFO webdriver: DATA {"using":"accessibility id","value":"Sign Up"}
[0-0] 2026-03-21T20:05:49.010Z INFO webdriver: RESULT []
[0-0] 2026-03-21T20:05:49.011Z INFO webdriver: COMMAND findElements("accessibility id", "Sign Up")
[0-0] 2026-03-21T20:05:49.012Z INFO webdriver: [POST] http://localhost:4723/session/0cafe23d-e241-46d9-9631-6d22e3651451/elements
[0-0] 2026-03-21T20:05:49.012Z INFO webdriver: DATA {"using":"accessibility id","value":"Sign Up"}
[0-0] 2026-03-21T20:05:49.049Z INFO webdriver: RESULT []
[0-0] 2026-03-21T20:05:49.053Z INFO webdriver: COMMAND findElements("accessibility id", "Sign Up")
[0-0] 2026-03-21T20:05:49.053Z INFO webdriver: [POST] http://localhost:4723/session/0cafe23d-e241-46d9-9631-6d22e3651451/elements
[0-0] 2026-03-21T20:05:49.053Z INFO webdriver: DATA {"using":"accessibility id","value":"Sign Up"}
[0-0] 2026-03-21T20:05:49.105Z INFO webdriver: RESULT []
[0-0] 2026-03-21T20:05:49.116Z INFO webdriver: COMMAND findElements("accessibility id", "Sign Up")
[0-0] 2026-03-21T20:05:49.117Z INFO webdriver: [POST] http://localhost:4723/session/0cafe23d-e241-46d9-9631-6d22e3651451/elements
[0-0] 2026-03-21T20:05:49.117Z INFO webdriver: DATA {"using":"accessibility id","value":"Sign Up"}
[0-0] 2026-03-21T20:05:49.164Z INFO webdriver: RESULT []
[0-0] 2026-03-21T20:05:49.167Z INFO webdriver: COMMAND findElements("accessibility id", "Sign Up")
[0-0] 2026-03-21T20:05:49.167Z INFO webdriver: [POST] http://localhost:4723/session/0cafe23d-e241-46d9-9631-6d22e3651451/elements
[0-0] 2026-03-21T20:05:49.167Z INFO webdriver: DATA {"using":"accessibility id","value":"Sign Up"}
[0-0] 2026-03-21T20:05:49.220Z INFO webdriver: RESULT []
[0-0] 2026-03-21T20:05:49.225Z INFO webdriver: COMMAND findElements("accessibility id", "Sign Up")
[0-0] 2026-03-21T20:05:49.225Z INFO webdriver: [POST] http://localhost:4723/session/0cafe23d-e241-46d9-9631-6d22e3651451/elements
[0-0] 2026-03-21T20:05:49.225Z INFO webdriver: DATA {"using":"accessibility id","value":"Sign Up"}
[0-0] 2026-03-21T20:05:49.279Z INFO webdriver: RESULT []
[0-0] 2026-03-21T20:05:49.281Z INFO webdriver: COMMAND findElements("accessibility id", "Sign Up")
[0-0] 2026-03-21T20:05:49.281Z INFO webdriver: [POST] http://localhost:4723/session/0cafe23d-e241-46d9-9631-6d22e3651451/elements
[0-0] 2026-03-21T20:05:49.281Z INFO webdriver: DATA {"using":"accessibility id","value":"Sign Up"}
[0-0] 2026-03-21T20:05:49.319Z INFO webdriver: RESULT []
[0-0] 2026-03-21T20:05:49.322Z INFO webdriver: COMMAND findElements("accessibility id", "Sign Up")
[0-0] 2026-03-21T20:05:49.323Z INFO webdriver: [POST] http://localhost:4723/session/0cafe23d-e241-46d9-9631-6d22e3651451/elements
[0-0] 2026-03-21T20:05:49.323Z INFO webdriver: DATA {"using":"accessibility id","value":"Sign Up"}
[0-0] 2026-03-21T20:05:49.378Z INFO webdriver: RESULT []
[0-0] 2026-03-21T20:05:49.429Z INFO webdriver: COMMAND findElements("accessibility id", "Sign Up")
[0-0] 2026-03-21T20:05:49.429Z INFO webdriver: [POST] http://localhost:4723/session/0cafe23d-e241-46d9-9631-6d22e3651451/elements
[0-0] 2026-03-21T20:05:49.429Z INFO webdriver: DATA {"using":"accessibility id","value":"Sign Up"}
[0-0] 2026-03-21T20:05:49.505Z INFO webdriver: RESULT []
[0-0] 2026-03-21T20:05:49.522Z INFO webdriver: COMMAND findElements("accessibility id", "Sign Up")
[0-0] 2026-03-21T20:05:49.523Z INFO webdriver: [POST] http://localhost:4723/session/0cafe23d-e241-46d9-9631-6d22e3651451/elements
[0-0] 2026-03-21T20:05:49.523Z INFO webdriver: DATA {"using":"accessibility id","value":"Sign Up"}
[0-0] 2026-03-21T20:05:49.572Z INFO webdriver: RESULT []
[0-0] 2026-03-21T20:05:49.631Z INFO webdriver: COMMAND findElements("accessibility id", "Sign Up")
[0-0] 2026-03-21T20:05:49.632Z INFO webdriver: [POST] http://localhost:4723/session/0cafe23d-e241-46d9-9631-6d22e3651451/elements
[0-0] 2026-03-21T20:05:49.632Z INFO webdriver: DATA {"using":"accessibility id","value":"Sign Up"}
[0-0] 2026-03-21T20:05:49.691Z INFO webdriver: RESULT []
[0-0] 2026-03-21T20:05:49.723Z INFO webdriver: COMMAND findElements("accessibility id", "Sign Up")
[0-0] 2026-03-21T20:05:49.724Z INFO webdriver: [POST] http://localhost:4723/session/0cafe23d-e241-46d9-9631-6d22e3651451/elements
[0-0] 2026-03-21T20:05:49.724Z INFO webdriver: DATA {"using":"accessibility id","value":"Sign Up"}
[0-0] 2026-03-21T20:05:49.789Z INFO webdriver: RESULT []
[0-0] 2026-03-21T20:05:49.833Z INFO webdriver: COMMAND findElements("accessibility id", "Sign Up")
[0-0] 2026-03-21T20:05:49.833Z INFO webdriver: [POST] http://localhost:4723/session/0cafe23d-e241-46d9-9631-6d22e3651451/elements
[0-0] 2026-03-21T20:05:49.834Z INFO webdriver: DATA {"using":"accessibility id","value":"Sign Up"}
[0-0] 2026-03-21T20:05:49.890Z INFO webdriver: RESULT []
[0-0] 2026-03-21T20:05:49.926Z INFO webdriver: COMMAND findElements("accessibility id", "Sign Up")
[0-0] 2026-03-21T20:05:49.926Z INFO webdriver: [POST] http://localhost:4723/session/0cafe23d-e241-46d9-9631-6d22e3651451/elements
[0-0] 2026-03-21T20:05:49.927Z INFO webdriver: DATA {"using":"accessibility id","value":"Sign Up"}
[0-0] 2026-03-21T20:05:49.975Z INFO webdriver: RESULT []
[0-0] 2026-03-21T20:05:50.020Z INFO webdriver: COMMAND findElements("accessibility id", "Sign Up")
[0-0] 2026-03-21T20:05:50.021Z INFO webdriver: [POST] http://localhost:4723/session/0cafe23d-e241-46d9-9631-6d22e3651451/elements
[0-0] 2026-03-21T20:05:50.021Z INFO webdriver: DATA {"using":"accessibility id","value":"Sign Up"}
[0-0] 2026-03-21T20:05:50.072Z INFO webdriver: RESULT []
[0-0] 2026-03-21T20:05:50.130Z INFO webdriver: COMMAND findElements("accessibility id", "Sign Up")
[0-0] 2026-03-21T20:05:50.131Z INFO webdriver: [POST] http://localhost:4723/session/0cafe23d-e241-46d9-9631-6d22e3651451/elements
[0-0] 2026-03-21T20:05:50.131Z INFO webdriver: DATA {"using":"accessibility id","value":"Sign Up"}
[0-0] 2026-03-21T20:05:50.198Z INFO webdriver: RESULT []
[0-0] 2026-03-21T20:05:50.222Z INFO webdriver: COMMAND findElements("accessibility id", "Sign Up")
[0-0] 2026-03-21T20:05:50.223Z INFO webdriver: [POST] http://localhost:4723/session/0cafe23d-e241-46d9-9631-6d22e3651451/elements
[0-0] 2026-03-21T20:05:50.223Z INFO webdriver: DATA {"using":"accessibility id","value":"Sign Up"}
[0-0] 2026-03-21T20:05:50.287Z INFO webdriver: RESULT []
[0-0] 2026-03-21T20:05:50.332Z INFO webdriver: COMMAND findElements("accessibility id", "Sign Up")
[0-0] 2026-03-21T20:05:50.333Z INFO webdriver: [POST] http://localhost:4723/session/0cafe23d-e241-46d9-9631-6d22e3651451/elements
[0-0] 2026-03-21T20:05:50.333Z INFO webdriver: DATA {"using":"accessibility id","value":"Sign Up"}
[0-0] 2026-03-21T20:05:50.425Z INFO webdriver: RESULT []
[0-0] 2026-03-21T20:05:50.442Z INFO webdriver: COMMAND findElements("accessibility id", "Sign Up")
[0-0] 2026-03-21T20:05:50.443Z INFO webdriver: [POST] http://localhost:4723/session/0cafe23d-e241-46d9-9631-6d22e3651451/elements
[0-0] 2026-03-21T20:05:50.443Z INFO webdriver: DATA {"using":"accessibility id","value":"Sign Up"}
[0-0] 2026-03-21T20:05:50.606Z INFO webdriver: RESULT []
[0-0] 2026-03-21T20:05:50.613Z INFO webdriver: COMMAND findElements("accessibility id", "Sign Up")
[0-0] 2026-03-21T20:05:50.614Z INFO webdriver: [POST] http://localhost:4723/session/0cafe23d-e241-46d9-9631-6d22e3651451/elements
[0-0] 2026-03-21T20:05:50.614Z INFO webdriver: DATA {"using":"accessibility id","value":"Sign Up"}
[0-0] 2026-03-21T20:05:51.218Z INFO webdriver: RESULT [
[0-0]   {
[0-0]     'element-6066-11e4-a52e-4f735466cecf': '00000000-0000-0184-ffff-ffff0000001e',
[0-0]     ELEMENT: '00000000-0000-0184-ffff-ffff0000001e'
[0-0]   }
[0-0] ]
[0-0] 2026-03-21T20:05:51.221Z INFO webdriver: COMMAND findElement("accessibility id", "Sign Up")
[0-0] 2026-03-21T20:05:51.221Z INFO webdriver: [POST] http://localhost:4723/session/0cafe23d-e241-46d9-9631-6d22e3651451/element
[0-0] 2026-03-21T20:05:51.221Z INFO webdriver: DATA {"using":"accessibility id","value":"Sign Up"}
[0-0] 2026-03-21T20:05:51.275Z INFO webdriver: RESULT {
[0-0]   'element-6066-11e4-a52e-4f735466cecf': '00000000-0000-0184-ffff-ffff0000001e',
[0-0]   ELEMENT: '00000000-0000-0184-ffff-ffff0000001e'
[0-0] }
[0-0] 2026-03-21T20:05:51.278Z INFO webdriver: COMMAND findElement("accessibility id", "Sign Up")
[0-0] 2026-03-21T20:05:51.278Z INFO webdriver: [POST] http://localhost:4723/session/0cafe23d-e241-46d9-9631-6d22e3651451/element
[0-0] 2026-03-21T20:05:51.278Z INFO webdriver: DATA {"using":"accessibility id","value":"Sign Up"}
[0-0] 2026-03-21T20:05:51.323Z INFO webdriver: RESULT {
[0-0]   'element-6066-11e4-a52e-4f735466cecf': '00000000-0000-0184-ffff-ffff0000001e',
[0-0]   ELEMENT: '00000000-0000-0184-ffff-ffff0000001e'
[0-0] }
[0-0] 2026-03-21T20:05:51.327Z INFO webdriver: COMMAND elementClick("00000000-0000-0184-ffff-ffff0000001e")
[0-0] 2026-03-21T20:05:51.328Z INFO webdriver: [POST] http://localhost:4723/session/0cafe23d-e241-46d9-9631-6d22e3651451/element/00000000-0000-0184-ffff-ffff0000001e/click
[0-0] 2026-03-21T20:05:51.328Z INFO webdriver: DATA {}
[0-0] 2026-03-21T20:05:51.497Z INFO webdriver: RESULT null
[0-0] 2026-03-21T20:05:51.498Z INFO webdriver: COMMAND findElement("-android uiautomator", "new UiSelector().text("Eg: Kamlesh")")
[0-0] 2026-03-21T20:05:51.498Z INFO webdriver: [POST] http://localhost:4723/session/0cafe23d-e241-46d9-9631-6d22e3651451/element
[0-0] 2026-03-21T20:05:51.498Z INFO webdriver: DATA {"using":"-android uiautomator","value":"new UiSelector().text(\"Eg: Kamlesh\")"}
[0-0] 2026-03-21T20:05:51.629Z INFO webdriver: RESULT {
[0-0]   error: 'no such element',
[0-0]   message: 'An element could not be located on the page using the given search parameters.',
[0-0]   stacktrace: 'NoSuchElementError: An element could not be located on the page using the given search parameters.\n' +
[0-0]     '    at AndroidUiautomator2Driver.findElOrEls (C:\\Users\\User\\.appium\\node_modules\\appium-uiautomator2-driver\\node_modules\\appium-android-driver\\build\\lib\\commands\\find.js:62:15)\n' +
[0-0]     '    at process.processTicksAndRejections (node:internal/process/task_queues:105:5)\n' +
[0-0]     '    at async AndroidUiautomator2Driver.findElOrElsWithProcessing (C:\\Users\\User\\AppData\\Roaming\\npm\\node_modules\\appium\\node_modules\\@appium\\base-driver\\build\\lib\\basedriver\\commands\\find.js:12:16)\n' +
[0-0]     '    at async AndroidUiautomator2Driver.findElement (C:\\Users\\User\\AppData\\Roaming\\npm\\node_modules\\appium\\node_modules\\@appium\\base-driver\\build\\lib\\basedriver\\commands\\find.js:27:16)'
[0-0] }
[0-0] 2026-03-21T20:05:51.633Z INFO webdriver: COMMAND findElements("-android uiautomator", "new UiSelector().text("Eg: Kamlesh")")
[0-0] 2026-03-21T20:05:51.633Z INFO webdriver: [POST] http://localhost:4723/session/0cafe23d-e241-46d9-9631-6d22e3651451/elements
[0-0] 2026-03-21T20:05:51.633Z INFO webdriver: DATA {"using":"-android uiautomator","value":"new UiSelector().text(\"Eg: Kamlesh\")"}
[0-0] 2026-03-21T20:05:51.749Z INFO webdriver: RESULT []
[0-0] 2026-03-21T20:05:51.756Z INFO webdriver: COMMAND findElements("-android uiautomator", "new UiSelector().text("Eg: Kamlesh")")
[0-0] 2026-03-21T20:05:51.756Z INFO webdriver: [POST] http://localhost:4723/session/0cafe23d-e241-46d9-9631-6d22e3651451/elements
[0-0] 2026-03-21T20:05:51.757Z INFO webdriver: DATA {"using":"-android uiautomator","value":"new UiSelector().text(\"Eg: Kamlesh\")"}
[0-0] 2026-03-21T20:05:52.366Z INFO webdriver: RESULT [
[0-0]   {
[0-0]     'element-6066-11e4-a52e-4f735466cecf': '00000000-0000-0184-ffff-ffff00000032',
[0-0]     ELEMENT: '00000000-0000-0184-ffff-ffff00000032'
[0-0]   }
[0-0] ]
[0-0] 2026-03-21T20:05:52.371Z INFO webdriver: COMMAND findElement("-android uiautomator", "new UiSelector().text("Eg: Kamlesh")")
[0-0] 2026-03-21T20:05:52.371Z INFO webdriver: [POST] http://localhost:4723/session/0cafe23d-e241-46d9-9631-6d22e3651451/element
[0-0] 2026-03-21T20:05:52.371Z INFO webdriver: DATA {"using":"-android uiautomator","value":"new UiSelector().text(\"Eg: Kamlesh\")"}
[0-0] 2026-03-21T20:05:52.452Z INFO webdriver: RESULT {
[0-0]   'element-6066-11e4-a52e-4f735466cecf': '00000000-0000-0184-ffff-ffff00000032',
[0-0]   ELEMENT: '00000000-0000-0184-ffff-ffff00000032'
[0-0] }
[0-0] 2026-03-21T20:05:52.454Z INFO webdriver: COMMAND findElement("-android uiautomator", "new UiSelector().text("Eg: Kamlesh")")
[0-0] 2026-03-21T20:05:52.454Z INFO webdriver: [POST] http://localhost:4723/session/0cafe23d-e241-46d9-9631-6d22e3651451/element
[0-0] 2026-03-21T20:05:52.454Z INFO webdriver: DATA {"using":"-android uiautomator","value":"new UiSelector().text(\"Eg: Kamlesh\")"}
[0-0] 2026-03-21T20:05:52.504Z INFO webdriver: RESULT {
[0-0]   'element-6066-11e4-a52e-4f735466cecf': '00000000-0000-0184-ffff-ffff00000032',
[0-0]   ELEMENT: '00000000-0000-0184-ffff-ffff00000032'
[0-0] }
[0-0] 2026-03-21T20:05:52.506Z INFO webdriver: COMMAND elementClear("00000000-0000-0184-ffff-ffff00000032")
[0-0] 2026-03-21T20:05:52.507Z INFO webdriver: [POST] http://localhost:4723/session/0cafe23d-e241-46d9-9631-6d22e3651451/element/00000000-0000-0184-ffff-ffff00000032/clear
[0-0] 2026-03-21T20:05:52.507Z INFO webdriver: DATA {}
[0-0] 2026-03-21T20:05:52.563Z INFO webdriver: RESULT null
[0-0] 2026-03-21T20:05:52.563Z INFO webdriver: COMMAND elementSendKeys("00000000-0000-0184-ffff-ffff00000032", "Testing")
[0-0] 2026-03-21T20:05:52.563Z INFO webdriver: [POST] http://localhost:4723/session/0cafe23d-e241-46d9-9631-6d22e3651451/element/00000000-0000-0184-ffff-ffff00000032/value
[0-0] 2026-03-21T20:05:52.564Z INFO webdriver: DATA {"text":"Testing"}
[0-0] 2026-03-21T20:05:53.626Z INFO webdriver: RESULT null
[0-0] 2026-03-21T20:05:53.626Z INFO webdriver: COMMAND findElement("-android uiautomator", "new UiSelector().text("Eg: Kumar")")
[0-0] 2026-03-21T20:05:53.626Z INFO webdriver: [POST] http://localhost:4723/session/0cafe23d-e241-46d9-9631-6d22e3651451/element
[0-0] 2026-03-21T20:05:53.626Z INFO webdriver: DATA {"using":"-android uiautomator","value":"new UiSelector().text(\"Eg: Kumar\")"}
[0-0] 2026-03-21T20:05:54.174Z INFO webdriver: RESULT {
[0-0]   'element-6066-11e4-a52e-4f735466cecf': '00000000-0000-0184-ffff-ffff00000036',
[0-0]   ELEMENT: '00000000-0000-0184-ffff-ffff00000036'
[0-0] }
[0-0] 2026-03-21T20:05:54.177Z INFO webdriver: COMMAND elementClear("00000000-0000-0184-ffff-ffff00000036")
[0-0] 2026-03-21T20:05:54.177Z INFO webdriver: [POST] http://localhost:4723/session/0cafe23d-e241-46d9-9631-6d22e3651451/element/00000000-0000-0184-ffff-ffff00000036/clear
[0-0] 2026-03-21T20:05:54.178Z INFO webdriver: DATA {}
[0-0] 2026-03-21T20:05:54.243Z INFO webdriver: RESULT null
[0-0] 2026-03-21T20:05:54.243Z INFO webdriver: COMMAND elementSendKeys("00000000-0000-0184-ffff-ffff00000036", "LN_3zlyq2")
[0-0] 2026-03-21T20:05:54.244Z INFO webdriver: [POST] http://localhost:4723/session/0cafe23d-e241-46d9-9631-6d22e3651451/element/00000000-0000-0184-ffff-ffff00000036/value
[0-0] 2026-03-21T20:05:54.244Z INFO webdriver: DATA {"text":"LN_3zlyq2"}
[0-0] 2026-03-21T20:05:55.332Z INFO webdriver: RESULT null
[0-0] 2026-03-21T20:05:55.335Z INFO webdriver: COMMAND findElement("-android uiautomator", "new UiSelector().text("Eg: 8768768768")")
[0-0] 2026-03-21T20:05:55.335Z INFO webdriver: [POST] http://localhost:4723/session/0cafe23d-e241-46d9-9631-6d22e3651451/element
[0-0] 2026-03-21T20:05:55.335Z INFO webdriver: DATA {"using":"-android uiautomator","value":"new UiSelector().text(\"Eg: 8768768768\")"}
[0-0] 2026-03-21T20:05:55.894Z INFO webdriver: RESULT {
[0-0]   'element-6066-11e4-a52e-4f735466cecf': '00000000-0000-0184-ffff-ffff0000003b',
[0-0]   ELEMENT: '00000000-0000-0184-ffff-ffff0000003b'
[0-0] }
[0-0] 2026-03-21T20:05:55.898Z INFO webdriver: COMMAND elementClear("00000000-0000-0184-ffff-ffff0000003b")
[0-0] 2026-03-21T20:05:55.899Z INFO webdriver: [POST] http://localhost:4723/session/0cafe23d-e241-46d9-9631-6d22e3651451/element/00000000-0000-0184-ffff-ffff0000003b/clear
[0-0] 2026-03-21T20:05:55.899Z INFO webdriver: DATA {}
[0-0] 2026-03-21T20:05:55.967Z INFO webdriver: RESULT null
[0-0] 2026-03-21T20:05:55.968Z INFO webdriver: COMMAND elementSendKeys("00000000-0000-0184-ffff-ffff0000003b", "6000000109")
[0-0] 2026-03-21T20:05:55.968Z INFO webdriver: [POST] http://localhost:4723/session/0cafe23d-e241-46d9-9631-6d22e3651451/element/00000000-0000-0184-ffff-ffff0000003b/value
[0-0] 2026-03-21T20:05:55.968Z INFO webdriver: DATA {"text":"6000000109"}
[0-0] 2026-03-21T20:05:57.029Z INFO webdriver: RESULT null
[0-0] 2026-03-21T20:05:57.029Z INFO webdriver: COMMAND findElement("accessibility id", "Submit")
[0-0] 2026-03-21T20:05:57.030Z INFO webdriver: [POST] http://localhost:4723/session/0cafe23d-e241-46d9-9631-6d22e3651451/element
[0-0] 2026-03-21T20:05:57.030Z INFO webdriver: DATA {"using":"accessibility id","value":"Submit"}
[0-0] 2026-03-21T20:05:57.707Z INFO webdriver: RESULT {
[0-0]   'element-6066-11e4-a52e-4f735466cecf': '00000000-0000-0184-ffff-ffff0000003e',
[0-0]   ELEMENT: '00000000-0000-0184-ffff-ffff0000003e'
[0-0] }
[0-0] 2026-03-21T20:05:57.712Z INFO webdriver: COMMAND isElementDisplayed("00000000-0000-0184-ffff-ffff0000003e")
[0-0] 2026-03-21T20:05:57.713Z INFO webdriver: [GET] http://localhost:4723/session/0cafe23d-e241-46d9-9631-6d22e3651451/element/00000000-0000-0184-ffff-ffff0000003e/displayed
[0-0] 2026-03-21T20:05:57.770Z INFO webdriver: RESULT true
[0-0] 2026-03-21T20:05:57.771Z INFO webdriver: COMMAND elementClick("00000000-0000-0184-ffff-ffff0000003e")
[0-0] 2026-03-21T20:05:57.771Z INFO webdriver: [POST] http://localhost:4723/session/0cafe23d-e241-46d9-9631-6d22e3651451/element/00000000-0000-0184-ffff-ffff0000003e/click
[0-0] 2026-03-21T20:05:57.771Z INFO webdriver: DATA {}
[0-0] 2026-03-21T20:05:57.894Z INFO webdriver: RESULT null
[0-0] 🔹 OTP: 1229
[0-0] 🔹 OTP: 1229
[0-0] 2026-03-21T20:06:00.168Z INFO webdriver: COMMAND findElement("-android uiautomator", "new UiSelector().resourceId("otp-input").instance(0)")
[0-0] 2026-03-21T20:06:00.169Z INFO webdriver: [POST] http://localhost:4723/session/0cafe23d-e241-46d9-9631-6d22e3651451/element
[0-0] 2026-03-21T20:06:00.169Z INFO webdriver: DATA {"using":"-android uiautomator","value":"new UiSelector().resourceId(\"otp-input\").instance(0)"}
[0-0] 2026-03-21T20:06:00.392Z INFO webdriver: RESULT {
[0-0]   'element-6066-11e4-a52e-4f735466cecf': '00000000-0000-0184-ffff-ffff00000059',
[0-0]   ELEMENT: '00000000-0000-0184-ffff-ffff00000059'
[0-0] }
[0-0] 2026-03-21T20:06:00.396Z INFO webdriver: COMMAND isElementDisplayed("00000000-0000-0184-ffff-ffff00000059")
[0-0] 2026-03-21T20:06:00.396Z INFO webdriver: [GET] http://localhost:4723/session/0cafe23d-e241-46d9-9631-6d22e3651451/element/00000000-0000-0184-ffff-ffff00000059/displayed
[0-0] 2026-03-21T20:06:00.465Z INFO webdriver: RESULT true
[0-0] 2026-03-21T20:06:00.465Z INFO webdriver: COMMAND elementClear("00000000-0000-0184-ffff-ffff00000059")
[0-0] 2026-03-21T20:06:00.466Z INFO webdriver: [POST] http://localhost:4723/session/0cafe23d-e241-46d9-9631-6d22e3651451/element/00000000-0000-0184-ffff-ffff00000059/clear
[0-0] 2026-03-21T20:06:00.466Z INFO webdriver: DATA {}
[0-0] 2026-03-21T20:06:00.530Z INFO webdriver: RESULT null
[0-0] 2026-03-21T20:06:00.531Z INFO webdriver: COMMAND elementSendKeys("00000000-0000-0184-ffff-ffff00000059", "1")
[0-0] 2026-03-21T20:06:00.531Z INFO webdriver: [POST] http://localhost:4723/session/0cafe23d-e241-46d9-9631-6d22e3651451/element/00000000-0000-0184-ffff-ffff00000059/value
[0-0] 2026-03-21T20:06:00.531Z INFO webdriver: DATA {"text":"1"}
[0-0] 2026-03-21T20:06:00.599Z WARN webdriver: WebDriverError: Cannot set the element to '1'. Did you interact with the correct element? when running "element/00000000-0000-0184-ffff-ffff00000059/value" with method "POST"
[0-0] 2026-03-21T20:06:00.599Z INFO webdriver: Retrying 1/3
[0-0] 2026-03-21T20:06:00.599Z INFO webdriver: [POST] http://localhost:4723/session/0cafe23d-e241-46d9-9631-6d22e3651451/element/00000000-0000-0184-ffff-ffff00000059/value
[0-0] 2026-03-21T20:06:00.599Z INFO webdriver: DATA {"text":"1"}
[0-0] 2026-03-21T20:06:01.196Z WARN webdriver: WebDriverError: Cannot set the element to '1'. Did you interact with the correct element? when running "element/00000000-0000-0184-ffff-ffff00000059/value" with method "POST"
[0-0] 2026-03-21T20:06:01.196Z INFO webdriver: Retrying 2/3
[0-0] 2026-03-21T20:06:01.197Z INFO webdriver: [POST] http://localhost:4723/session/0cafe23d-e241-46d9-9631-6d22e3651451/element/00000000-0000-0184-ffff-ffff00000059/value
[0-0] 2026-03-21T20:06:01.197Z INFO webdriver: DATA {"text":"1"}
[0-0] 2026-03-21T20:06:02.416Z WARN webdriver: WebDriverError: Cannot set the element to '1'. Did you interact with the correct element? when running "element/00000000-0000-0184-ffff-ffff00000059/value" with method "POST"
[0-0] 2026-03-21T20:06:02.417Z INFO webdriver: Retrying 3/3
[0-0] 2026-03-21T20:06:02.417Z INFO webdriver: [POST] http://localhost:4723/session/0cafe23d-e241-46d9-9631-6d22e3651451/element/00000000-0000-0184-ffff-ffff00000059/value
[0-0] 2026-03-21T20:06:02.417Z INFO webdriver: DATA {"text":"1"}
[0-0] 2026-03-21T20:06:02.536Z ERROR webdriver: WebDriverError: Cannot set the element to '1'. Did you interact with the correct element? when running "element/00000000-0000-0184-ffff-ffff00000059/value" with method "POST"
[0-0] invalid element state in "Onboarding Tests.should verify otp page"
invalid element state: WebDriverError: Cannot set the element to '1'. Did you interact with the correct element? when running "element/00000000-0000-0184-ffff-ffff00000059/value" with method "POST"
    at async Element.wrapCommandFn (C:\Users\User\Desktop\mobile-automation\node_modules\@wdio\utils\build\index.js:982:23)
    at async Element.wrapCommandFn (C:\Users\User\Desktop\mobile-automation\node_modules\@wdio\utils\build\index.js:982:23)
    at async Element.elementErrorHandlerCallbackFn (C:\Users\User\Desktop\mobile-automation\node_modules\webdriverio\build\node.js:8678:24)
    at async Element.wrapCommandFn (C:\Users\User\Desktop\mobile-automation\node_modules\@wdio\utils\build\index.js:982:23)
    at async Element.wrapCommandFn (C:\Users\User\Desktop\mobile-automation\node_modules\@wdio\utils\build\index.js:982:23)
    at async Element.elementErrorHandlerCallbackFn (C:\Users\User\Desktop\mobile-automation\node_modules\webdriverio\build\node.js:8678:24)
    at async Element.wrapCommandFn (C:\Users\User\Desktop\mobile-automation\node_modules\@wdio\utils\build\index.js:982:23)
    at async Element.wrapCommandFn (C:\Users\User\Desktop\mobile-automation\node_modules\@wdio\utils\build\index.js:982:23)
[0-0] 2026-03-21T20:06:02.612Z INFO webdriver: COMMAND deleteSession()
[0-0] 2026-03-21T20:06:02.613Z INFO webdriver: [DELETE] http://localhost:4723/session/0cafe23d-e241-46d9-9631-6d22e3651451
[0-0] 2026-03-21T20:06:03.518Z INFO webdriver: RESULT null
[0-0] FAILED in Android on Android - file:///C:/Users/User/Desktop/mobile-automation/tests/Smoke/Onboarding.ts
2026-03-21T20:06:03.676Z INFO @wdio/cli:launcher: Run onWorkerEnd hook

 "spec" Reporter:
------------------------------------------------------------------
[zipppee-staging.apk Android #0-0] Running: zipppee-staging.apk on Android
[zipppee-staging.apk Android #0-0] Session ID: 0cafe23d-e241-46d9-9631-6d22e3651451
[zipppee-staging.apk Android #0-0]
[zipppee-staging.apk Android #0-0] » tests\Smoke\Onboarding.ts
[zipppee-staging.apk Android #0-0] Onboarding Tests
[zipppee-staging.apk Android #0-0]    ✓ should verify login button
[zipppee-staging.apk Android #0-0]    ✖ should verify otp page
[zipppee-staging.apk Android #0-0]
[zipppee-staging.apk Android #0-0] 1 passing (17.5s)
[zipppee-staging.apk Android #0-0] 1 failing
[zipppee-staging.apk Android #0-0]
[zipppee-staging.apk Android #0-0] 1) Onboarding Tests should verify otp page
[zipppee-staging.apk Android #0-0] WebDriverError: Cannot set the element to '1'. Did you interact with the correct element? when running "element/00000000-0000-0184-ffff-ffff00000059/value" with method "POST"
[zipppee-staging.apk Android #0-0] invalid element state: WebDriverError: Cannot set the element to '1'. Did you interact with the correct element? when running "element/00000000-0000-0184-ffff-ffff00000059/value" with method "POST"
[zipppee-staging.apk Android #0-0]     at async Element.wrapCommandFn (C:\Users\User\Desktop\mobile-automation\node_modules\@wdio\utils\build\index.js:982:23)
[zipppee-staging.apk Android #0-0]     at async Element.wrapCommandFn (C:\Users\User\Desktop\mobile-automation\node_modules\@wdio\utils\build\index.js:982:23)
[zipppee-staging.apk Android #0-0]     at async Element.elementErrorHandlerCallbackFn (C:\Users\User\Desktop\mobile-automation\node_modules\webdriverio\build\node.js:8678:24)
[zipppee-staging.apk Android #0-0]     at async Element.wrapCommandFn (C:\Users\User\Desktop\mobile-automation\node_modules\@wdio\utils\build\index.js:982:23)
[zipppee-staging.apk Android #0-0]     at async Element.wrapCommandFn (C:\Users\User\Desktop\mobile-automation\node_modules\@wdio\utils\build\index.js:982:23)
[zipppee-staging.apk Android #0-0]     at async Element.elementErrorHandlerCallbackFn (C:\Users\User\Desktop\mobile-automation\node_modules\webdriverio\build\node.js:8678:24)
[zipppee-staging.apk Android #0-0]     at async Element.wrapCommandFn (C:\Users\User\Desktop\mobile-automation\node_modules\@wdio\utils\build\index.js:982:23)
[zipppee-staging.apk Android #0-0]     at async Element.wrapCommandFn (C:\Users\User\Desktop\mobile-automation\node_modules\@wdio\utils\build\index.js:982:23)


Spec Files:	 0 passed, 1 failed, 1 total (100% completed) in 00:00:30  

2026-03-21T20:06:03.678Z INFO @wdio/local-runner: Shutting down spawned worker
2026-03-21T20:06:03.932Z INFO @wdio/local-runner: Waiting for 0 to shut down gracefully
2026-03-21T20:06:03.932Z INFO @wdio/local-runner: shutting down
2026-03-21T20:06:03.933Z INFO @wdio/cli:launcher: Run onComplete hook
